22:01:43 **** Incremental Build of configuration Debug for project PN532_I2C ****
make -j12 all 
arm-none-eabi-size  PN532_I2C.elf 
   text	   data	    bss	    dec	    hex	filename
  30252	    104	   2448	  32804	   8024	PN532_I2C.elf
Finished building: default.size.stdout
 
22:01:46 **** Incremental Build of configuration Debug for project PN532_SPI ****
make -j12 all 
arm-none-eabi-size  PN532_SPI.elf 
   text	   data	    bss	    dec	    hex	filename
  26340	    104	   2456	  28900	   70e4	PN532_SPI.elf
Finished building: default.size.stdout
 
22:03:22 **** Incremental Build of configuration Debug for project PN532_SPI ****
make -j12 all 
arm-none-eabi-size  PN532_SPI.elf 
   text	   data	    bss	    dec	    hex	filename
  26340	    104	   2456	  28900	   70e4	PN532_SPI.elf
Finished building: default.size.stdout
 
