18:26:51 **** Incremental Build of configuration Debug for project PN532 ****
make -j12 all 
arm-none-eabi-gcc "../Core/Src/main.c" -mcpu=cortex-m3 -std=gnu11 -g3 -DDEBUG -DUSE_HAL_DRIVER -DSTM32F103xB -c -I../Core/Inc -I../Drivers/STM32F1xx_HAL_Driver/Inc/Legacy -I../Drivers/STM32F1xx_HAL_Driver/Inc -I../Drivers/CMSIS/Device/ST/STM32F1xx/Include -I../Drivers/CMSIS/Include -O0 -ffunction-sections -fdata-sections -Wall -fstack-usage -fcyclomatic-complexity -MMD -MP -MF"Core/Src/main.d" -MT"Core/Src/main.o" --specs=nano.specs -mfloat-abi=soft -mthumb -o "Core/Src/main.o"
arm-none-eabi-gcc -o "PN532.elf" @"objects.list"   -mcpu=cortex-m3 -T"C:\Users\OS\STM32CubeIDE\workspace_1.16.1\PN532\STM32F103C8TX_FLASH.ld" --specs=nosys.specs -Wl,-Map="PN532.map" -Wl,--gc-sections -static --specs=nano.specs -mfloat-abi=soft -mthumb -Wl,--start-group -lc -lm -Wl,--end-group
Finished building target: PN532.elf
 
arm-none-eabi-size  PN532.elf 
arm-none-eabi-objdump -h -S PN532.elf  > "PN532.list"
   text	   data	    bss	    dec	    hex	filename
  25976	     92	   2172	  28240	   6e50	PN532.elf
Finished building: default.size.stdout
 
Finished building: PN532.list
 

18:26:51 Build Finished. 0 errors, 0 warnings. (took 893ms)

