19:17:17 **** Incremental Build of configuration Debug for project READFLASH ****
make -j12 all 
arm-none-eabi-gcc "../Core/Src/main.c" -mcpu=cortex-m3 -std=gnu11 -g3 -DDEBUG -DUSE_HAL_DRIVER -DSTM32F103xB -c -I../Core/Inc -I../Drivers/STM32F1xx_HAL_Driver/Inc/Legacy -I../Drivers/STM32F1xx_HAL_Driver/Inc -I../Drivers/CMSIS/Device/ST/STM32F1xx/Include -I../Drivers/CMSIS/Include -O0 -ffunction-sections -fdata-sections -Wall -fstack-usage -fcyclomatic-complexity -MMD -MP -MF"Core/Src/main.d" -MT"Core/Src/main.o" --specs=nano.specs -mfloat-abi=soft -mthumb -o "Core/Src/main.o"
arm-none-eabi-gcc -o "READFLASH.elf" @"objects.list"   -mcpu=cortex-m3 -T"C:\Users\OS\STM32CubeIDE\workspace_1.16.1\READFLASH\STM32F103C8TX_FLASH.ld" --specs=nosys.specs -Wl,-Map="READFLASH.map" -Wl,--gc-sections -static --specs=nano.specs -mfloat-abi=soft -mthumb -Wl,--start-group -lc -lm -Wl,--end-group
Finished building target: READFLASH.elf
 
arm-none-eabi-size  READFLASH.elf 
arm-none-eabi-objdump -h -S READFLASH.elf  > "READFLASH.list"
   text	   data	    bss	    dec	    hex	filename
   4940	     24	   1616	   6580	   19b4	READFLASH.elf
Finished building: default.size.stdout
 
Finished building: READFLASH.list
 

19:17:18 Build Finished. 0 errors, 0 warnings. (took 655ms)

